---
http_interactions:
- request:
    method: post
    uri: https://apis.accela.com/oauth2/token
    body:
      encoding: UTF-8
      string: grant_type=password&agency_name=islandton&environment=TEST&client_id=635395466279594650&client_secret=3b1e4026d95e4478a0f8dd1f7a1b7028&username=developer&password=accela&scope=records%20addresses
    headers:
      Content-Type:
      - application/x-www-form-urlencoded
      X-Accela-Appid:
      - '635395466279594650'
  response:
    status:
      code: 200
      message: OK
    headers:
      Cache-Control:
      - no-cache
      Pragma:
      - no-cache
      Content-Length:
      - '937'
      Content-Type:
      - application/json; charset=utf-8
      Expires:
      - "-1"
      Server:
      - Microsoft-IIS/7.5
      X-Accela-Traceid:
      - 140916194931684-4e6f50bc
      X-Aspnet-Version:
      - 4.0.30319
      X-Powered-By:
      - ASP.NET
      Date:
      - Tue, 16 Sep 2014 19:49:31 GMT
    body:
      encoding: UTF-8
      string: '{"access_token":"tgMx9IgkpNEGbyH8NczpGDsNEZ2gr6UgxdJc3dmSEmfmha95EG-s26Q0S9nysynM4-4DZB6KL5_i3u3RPn0u7gOzsw1Tw8SxzVmlkRPGJNYl-WlzggD2f9pGxITIRZl_-LeTX625DxPbXdgoFgD_IXrnQvcQ_PPEuvuXo9rTxpOPQFWbhaHxW2iTLkbUso4-VPOF7Xavlk2uEe62MHlk1w0fntaLEv6TwDpSoan5gTnfPHCqWTF1W2oA12RKlhZDB803OI5BFLTvWAk66PulUScovANZ9Q9ZA8o92QS9Prx2nnzo4NOcIFOX6fhaHJ0LSQl3Ltr6lPjwTQ8XwlhQv9D3k_WcDBe0bLue6BL2vJqpMzD9Gb3hXazivu8sw1spBawajE980tJbpUDIszrDgRWVkzd8CQT8Y5RDgZzWDxGEXOflMs2bStdYr1YDYA4f0","token_type":"bearer","expires_in":"86400","refresh_token":"rALM!IAAAAG5_vc_LcUCjyiG6CWnN5KsBB6DL_0eCQZsxrVqyq9A34QAAAAH20rgpACSUgSNO0C0btLPXZ2InS8jDckeSFOQUlPosSnswtXZkjxlUuznV_eo0DyF6aVzpgGVGhxoE-3EQn3cOV4563qkjucAHGHiyb2QbsnYqCejnSFjC9pBDWoTAZV8JaoEvCv5arRBiGSghp6BkgS0pjo9Ap1uhMJlh7BLD6Nqu9Qccv35X5qMyk54eRZWz-miNLT4nxoqkKNN2b4cLbvf0do3WPerZVIFRaNjufFmHm2RECc2bfVXi1G7XxC5fIiaa3ImcO_ays9F7bvs5YnHneVMthhoHGYfRrIJSow","scope":"addresses
        get_civicid_profile records"}'
    http_version: 
  recorded_at: Tue, 16 Sep 2014 19:49:33 GMT
- request:
    method: get
    uri: https://apis.accela.com/v4/records/ISLANDTON-14CAP-00000-000CR
    body:
      encoding: US-ASCII
      string: ''
    headers:
      Content-Type:
      - application/json
      Accept:
      - application/json
      X-Accela-Appid:
      - '635395466279594650'
      Authorization:
      - tgMx9IgkpNEGbyH8NczpGDsNEZ2gr6UgxdJc3dmSEmfmha95EG-s26Q0S9nysynM4-4DZB6KL5_i3u3RPn0u7gOzsw1Tw8SxzVmlkRPGJNYl-WlzggD2f9pGxITIRZl_-LeTX625DxPbXdgoFgD_IXrnQvcQ_PPEuvuXo9rTxpOPQFWbhaHxW2iTLkbUso4-VPOF7Xavlk2uEe62MHlk1w0fntaLEv6TwDpSoan5gTnfPHCqWTF1W2oA12RKlhZDB803OI5BFLTvWAk66PulUScovANZ9Q9ZA8o92QS9Prx2nnzo4NOcIFOX6fhaHJ0LSQl3Ltr6lPjwTQ8XwlhQv9D3k_WcDBe0bLue6BL2vJqpMzD9Gb3hXazivu8sw1spBawajE980tJbpUDIszrDgRWVkzd8CQT8Y5RDgZzWDxGEXOflMs2bStdYr1YDYA4f0
      X-Accela-Agency:
      - islandton
  response:
    status:
      code: 200
      message: OK
    headers:
      Cache-Control:
      - no-cache
      Pragma:
      - no-cache
      Content-Length:
      - '1026'
      Content-Type:
      - application/json
      Expires:
      - "-1"
      Server:
      - Microsoft-IIS/7.5
      - Microsoft-IIS/7.5
      - unknow
      X-Accela-Resp-Gateway-Version:
      - 3.1.0.1
      X-Aspnet-Version:
      - 4.0.30319
      X-Powered-By:
      - ASP.NET
      - ASP.NET
      X-Accela-Traceid:
      - 140916194933057-d20abc1e
      Date:
      - Tue, 16 Sep 2014 19:49:33 GMT
      Connection:
      - close
    body:
      encoding: UTF-8
      string: '{"result":[{"name":"D-I Builders Development Model Home","id":"ISLANDTON-14CAP-00000-000CR","type":{"module":"Building","type":"Residential","value":"Building/Residential/New/NA","category":"NA","text":"Residential
        New","group":"Building","subType":"New","id":"Building-Residential-New-NA"},"description":"","status":{"value":"Submitted","text":"Submitted"},"infraction":false,"initiatedProduct":"AV360","createdBy":"DI","balance":0.0,"serviceProviderCode":"ISLANDTON","statusDate":"2014-08-20
        11:02:00","totalJobCost":0.0,"reportedChannel":{"value":"Call Center","text":"Call
        Center"},"reportedDate":"2014-08-20 11:02:00","totalFee":0.0,"totalPay":0.0,"module":"Building","customId":"BLD14-00187","jobValue":0.0,"publicOwned":false,"misdemeanor":false,"offenseWitnessed":false,"defendantSignature":false,"openedDate":"2014-08-20
        00:00:00","trackingId":262040261,"estimatedProductionUnit":0.0,"actualProductionUnit":0.0,"createdByCloning":"Y","undistributedCost":0.0,"booking":false,"value":"14CAP-00000-000CR"}],"status":200}'
    http_version: 
  recorded_at: Tue, 16 Sep 2014 19:49:33 GMT
- request:
    method: get
    uri: https://apis.accela.com/v4/records/ISLANDTON-14CAP-00000-000CR/parcels
    body:
      encoding: US-ASCII
      string: ''
    headers:
      Content-Type:
      - application/json
      Accept:
      - application/json
      X-Accela-Appid:
      - '635395466279594650'
      Authorization:
      - tgMx9IgkpNEGbyH8NczpGDsNEZ2gr6UgxdJc3dmSEmfmha95EG-s26Q0S9nysynM4-4DZB6KL5_i3u3RPn0u7gOzsw1Tw8SxzVmlkRPGJNYl-WlzggD2f9pGxITIRZl_-LeTX625DxPbXdgoFgD_IXrnQvcQ_PPEuvuXo9rTxpOPQFWbhaHxW2iTLkbUso4-VPOF7Xavlk2uEe62MHlk1w0fntaLEv6TwDpSoan5gTnfPHCqWTF1W2oA12RKlhZDB803OI5BFLTvWAk66PulUScovANZ9Q9ZA8o92QS9Prx2nnzo4NOcIFOX6fhaHJ0LSQl3Ltr6lPjwTQ8XwlhQv9D3k_WcDBe0bLue6BL2vJqpMzD9Gb3hXazivu8sw1spBawajE980tJbpUDIszrDgRWVkzd8CQT8Y5RDgZzWDxGEXOflMs2bStdYr1YDYA4f0
      X-Accela-Agency:
      - islandton
  response:
    status:
      code: 200
      message: OK
    headers:
      Cache-Control:
      - no-cache
      Pragma:
      - no-cache
      Content-Length:
      - '234'
      Content-Type:
      - application/json
      Expires:
      - "-1"
      Server:
      - Microsoft-IIS/7.5
      - Microsoft-IIS/7.5
      - unknow
      X-Accela-Resp-Gateway-Version:
      - 3.1.0.1
      X-Aspnet-Version:
      - 4.0.30319
      X-Powered-By:
      - ASP.NET
      - ASP.NET
      X-Accela-Traceid:
      - 140916194933762-b248b32e
      Date:
      - Tue, 16 Sep 2014 19:49:33 GMT
      Connection:
      - close
    body:
      encoding: UTF-8
      string: '{"result":[{"recordId":{"id":"ISLANDTON-14CAP-00000-000CR","serviceProviderCode":"ISLANDTON","trackingId":0,"value":"14CAP-00000-000CR"},"isPrimary":"N","parcelArea":550800.0,"id":"137200001","parcelNumber":"137200001"}],"status":200}'
    http_version: 
  recorded_at: Tue, 16 Sep 2014 19:49:34 GMT
recorded_with: VCR 2.9.2
